
> client@0.0.0 build
> vite build

[36mvite v7.3.1 [32mbuilding client environment for production...[36m[39m
transforming...
node.exe : Found 1 warning while 
optimizing generated CSS:
At C:\Program Files\nodejs\npm.ps1:29 
char:3
+   & $NODE_EXE $NPM_CLI_JS $args
+   ~~~~~~~~~~~~~~~~~~~~~~~~~~~~~
    + CategoryInfo          : NotSpecifi 
   ed: (Found 1 warning... generated CS  
  S::String) [], RemoteException
    + FullyQualifiedErrorId : NativeComm 
   andError
 

[2mΓöé   }[22m
[2mΓöé }[22m
[2mΓöé[22m @import url('https://fonts.g
oogleapis.com/css2?family=Inter:ital,opsz
,wght@0,14..32,300;0,14..32,400;0,14..32,
500;0,14..32,600;0,14..32,700;0,14..32,80
0;0,14..32,900;1,14..32,400&display=swap'
);
[2mΓöå[22m        [33m[2m^--[22m 
@import rules must precede all rules 
aside from @charset and @layer 
statements[39m
[2mΓöå[22m
[2mΓöé :root {[22m
[2mΓöé   --bg-base: #f8f4ee;[22m

[32mΓ£ô[39m 1799 modules transformed.
[31mΓ£ù[39m Build failed in 4.42s
[31merror during build:
[31m[vite:esbuild] Transform failed 
with 1 error:
C:/Users/ronad/OneDrive/Desktop/Projects/
WEB + ML/AI Farmer Advisory/client/src/co
mponents/dashboard/SectorComparison.jsx:2
0:29: ERROR: Syntax error "`"[31m
file: [36mC:/Users/ronad/OneDrive/Deskto
p/Projects/WEB + ML/AI Farmer Advisory/cl
ient/src/components/dashboard/SectorCompa
rison.jsx:20:29[31m
[33m
[33mSyntax error "`"[33m
18 |              <div style={{ display: 
'flex', alignItems: 'center', gap: 2, 
color: isBetter ? 'var(--emerald-600)' : 
'va...
19 |                  {isBetter ? 
<TrendingUp style={{ width: 12, height: 
12 }} /> : <TrendingDown style={{ width: 
12, heig...
20 |                  {diff > 0 ? 
\`+\${diff}\` : diff}
   |                               ^
21 |              </div>
22 |          );
[31m
    at failureErrorWithLog (C:\Users\rona
d\OneDrive\Desktop\Projects\WEB + ML\AI 
Farmer Advisory\client\node_modules\esbui
ld\lib\main.js:1467:15)
    at C:\Users\ronad\OneDrive\Desktop\Pr
ojects\WEB + ML\AI Farmer Advisory\client
\node_modules\esbuild\lib\main.js:736:50
    at responseCallbacks.<computed> (C:\U
sers\ronad\OneDrive\Desktop\Projects\WEB 
+ ML\AI Farmer Advisory\client\node_modul
es\esbuild\lib\main.js:603:9)
    at handleIncomingPacket (C:\Users\ron
ad\OneDrive\Desktop\Projects\WEB + ML\AI 
Farmer Advisory\client\node_modules\esbui
ld\lib\main.js:658:12)
    at Socket.readFromStdout (C:\Users\ro
nad\OneDrive\Desktop\Projects\WEB + 
ML\AI Farmer Advisory\client\node_modules
\esbuild\lib\main.js:581:7)
    at Socket.emit (node:events:518:28)
    at addChunk 
(node:internal/streams/readable:561:12)
    at readableAddChunkPushByteMode 
(node:internal/streams/readable:512:3)
    at Readable.push 
(node:internal/streams/readable:392:5)
    at Pipe.onStreamRead (node:internal/s
tream_base_commons:189:23)[39m
